Copyright 1986-2020 Xilinx, Inc. All Rights Reserved.
-----------------------------------------------------------------------------------------------------------------------------------------------------------------
| Tool Version : Vivado v.2020.2 (lin64) Build 3064766 Wed Nov 18 09:12:47 MST 2020
| Date         : Wed Mar 18 18:09:11 2026
| Host         : luca-ASUS-TUF-Gaming-A16-FA607PI-FA607PI running 64-bit Ubuntu 25.10
| Command      : report_timing -delay_type max -max_paths 1 -path_type full_clock_expanded -file /home/luca/Scaricati/work_env/work_env/vivado/critical_path.rpt
| Design       : linear_interpolator
| Device       : 7z010-clg400
| Speed File   : -1  PRODUCTION 1.12 2019-11-22
-----------------------------------------------------------------------------------------------------------------------------------------------------------------

Timing Report

Slack (MET) :             2.819ns  (required time - arrival time)
  Source:                 r_y_curr_reg[1]/C
                            (rising edge-triggered cell FDCE clocked by clk  {rise@0.000ns fall@5.000ns period=10.000ns})
  Destination:            r_dout_reg[13]/D
                            (rising edge-triggered cell FDCE clocked by clk  {rise@0.000ns fall@5.000ns period=10.000ns})
  Path Group:             clk
  Path Type:              Setup (Max at Slow Process Corner)
  Requirement:            10.000ns  (clk rise@10.000ns - clk rise@0.000ns)
  Data Path Delay:        7.180ns  (logic 4.549ns (63.359%)  route 2.631ns (36.641%))
  Logic Levels:           11  (CARRY4=7 LUT1=1 LUT2=2 LUT4=1)
  Clock Path Skew:        -0.028ns (DCD - SCD + CPR)
    Destination Clock Delay (DCD):    4.448ns = ( 14.448 - 10.000 ) 
    Source Clock Delay      (SCD):    4.969ns
    Clock Pessimism Removal (CPR):    0.493ns
  Clock Uncertainty:      0.035ns  ((TSJ^2 + TIJ^2)^1/2 + DJ) / 2 + PE
    Total System Jitter     (TSJ):    0.071ns
    Total Input Jitter      (TIJ):    0.000ns
    Discrete Jitter          (DJ):    0.000ns
    Phase Error              (PE):    0.000ns

    Location             Delay type                Incr(ns)  Path(ns)    Netlist Resource(s)
  -------------------------------------------------------------------    -------------------
                         (clock clk rise edge)        0.000     0.000 r  
    U14                                               0.000     0.000 r  clk (IN)
                         net (fo=0)                   0.000     0.000    clk
    U14                  IBUF (Prop_ibuf_I_O)         1.046     1.046 r  clk_IBUF_inst/O
                         net (fo=1, routed)           2.076     3.122    clk_IBUF
    BUFGCTRL_X0Y0        BUFG (Prop_bufg_I_O)         0.101     3.223 r  clk_IBUF_BUFG_inst/O
                         net (fo=50, routed)          1.746     4.969    clk_IBUF_BUFG
    SLICE_X42Y16         FDCE                                         r  r_y_curr_reg[1]/C
  -------------------------------------------------------------------    -------------------
    SLICE_X42Y16         FDCE (Prop_fdce_C_Q)         0.518     5.487 f  r_y_curr_reg[1]/Q
                         net (fo=3, routed)           0.797     6.284    r_y_curr[1]
    SLICE_X39Y16         LUT1 (Prop_lut1_I0_O)        0.124     6.408 r  r_dout[11]_i_25/O
                         net (fo=1, routed)           0.000     6.408    r_dout[11]_i_25_n_0
    SLICE_X39Y16         CARRY4 (Prop_carry4_S[0]_O[2])
                                                      0.547     6.955 r  r_dout_reg[11]_i_20/O[2]
                         net (fo=1, routed)           0.594     7.549    r_dout_reg[11]_i_20_n_5
    SLICE_X42Y16         LUT2 (Prop_lut2_I1_O)        0.302     7.851 r  r_dout[7]_i_16/O
                         net (fo=1, routed)           0.000     7.851    r_dout[7]_i_16_n_0
    SLICE_X42Y16         CARRY4 (Prop_carry4_S[3]_CO[3])
                                                      0.376     8.227 r  r_dout_reg[7]_i_15/CO[3]
                         net (fo=1, routed)           0.000     8.227    r_dout_reg[7]_i_15_n_0
    SLICE_X42Y17         CARRY4 (Prop_carry4_CI_O[1])
                                                      0.323     8.550 r  r_dout_reg[11]_i_15/O[1]
                         net (fo=3, routed)           0.768     9.317    s_diff0_out[5]
    SLICE_X41Y17         LUT4 (Prop_lut4_I1_O)        0.306     9.623 r  r_dout[7]_i_13/O
                         net (fo=1, routed)           0.000     9.623    r_dout[7]_i_13_n_0
    SLICE_X41Y17         CARRY4 (Prop_carry4_S[1]_CO[3])
                                                      0.550    10.173 r  r_dout_reg[7]_i_6/CO[3]
                         net (fo=1, routed)           0.000    10.173    r_dout_reg[7]_i_6_n_0
    SLICE_X41Y18         CARRY4 (Prop_carry4_CI_O[3])
                                                      0.313    10.486 r  r_dout_reg[11]_i_6/O[3]
                         net (fo=1, routed)           0.472    10.959    s_div_res[9]
    SLICE_X40Y18         LUT2 (Prop_lut2_I1_O)        0.306    11.265 r  r_dout[11]_i_4/O
                         net (fo=1, routed)           0.000    11.265    r_dout[11]_i_4_n_0
    SLICE_X40Y18         CARRY4 (Prop_carry4_S[1]_CO[3])
                                                      0.550    11.815 r  r_dout_reg[11]_i_1/CO[3]
                         net (fo=1, routed)           0.000    11.815    r_dout_reg[11]_i_1_n_0
    SLICE_X40Y19         CARRY4 (Prop_carry4_CI_O[1])
                                                      0.334    12.149 r  r_dout_reg[15]_i_1/O[1]
                         net (fo=1, routed)           0.000    12.149    s_sum_final[13]
    SLICE_X40Y19         FDCE                                         r  r_dout_reg[13]/D
  -------------------------------------------------------------------    -------------------

                         (clock clk rise edge)       10.000    10.000 r  
    U14                                               0.000    10.000 r  clk (IN)
                         net (fo=0)                   0.000    10.000    clk
    U14                  IBUF (Prop_ibuf_I_O)         0.912    10.912 r  clk_IBUF_inst/O
                         net (fo=1, routed)           1.880    12.792    clk_IBUF
    BUFGCTRL_X0Y0        BUFG (Prop_bufg_I_O)         0.091    12.883 r  clk_IBUF_BUFG_inst/O
                         net (fo=50, routed)          1.565    14.448    clk_IBUF_BUFG
    SLICE_X40Y19         FDCE                                         r  r_dout_reg[13]/C
                         clock pessimism              0.493    14.941    
                         clock uncertainty           -0.035    14.906    
    SLICE_X40Y19         FDCE (Setup_fdce_C_D)        0.062    14.968    r_dout_reg[13]
  -------------------------------------------------------------------
                         required time                         14.968    
                         arrival time                         -12.149    
  -------------------------------------------------------------------
                         slack                                  2.819    




